Hole [0] (142, 143) => (142, 149) "{!   !}"
Hole [1] (175, 182) => (175, 182) "{!   !}"
Hole [2] (193, 200) => (193, 200) "{!   !}"