Hole [0] (73, 74) => (73, 80) "{!   !}"
Hole [1] (89, 90) => (89, 96) "{!   !}"
Hole [2] (98, 99) => (98, 105) "{!   !}"
Hole [3] (106, 107) => (106, 113) "{!   !}"
Hole [4] (114, 115) => (114, 121) "{!   !}"