Hole [0] (106, 107) => (106, 113) "{!   !}"
Hole [1] (119, 124) => (119, 124) "{! !}"