Hole [0] (112, 113) => (112, 119) "{!   !}"
Hole [1] (196, 202) => (196, 202) "{!  !}"