Hole [0] (98, 99) => (98, 105) "{!   !}"
Hole [1] (111, 116) => (111, 116) "{! !}"