NoStatus
ClearRunningInfo
ClearHighlighting
RunningInfo 1 Checking Issue95 (/Users/omega/github/agda-mode/test/ManualTests/Issue95.agda).\n
HighlightingInfoIndirect /var/folders/r2/lx4mzz2x1kn940m7lhnv0b_h0000gn/T/agda2-mode39869-0
HighlightingInfoIndirect /var/folders/r2/lx4mzz2x1kn940m7lhnv0b_h0000gn/T/agda2-mode39869-1
HighlightingInfoIndirect /var/folders/r2/lx4mzz2x1kn940m7lhnv0b_h0000gn/T/agda2-mode39869-2
HighlightingInfoIndirect /var/folders/r2/lx4mzz2x1kn940m7lhnv0b_h0000gn/T/agda2-mode39869-3
HighlightingInfoIndirect /var/folders/r2/lx4mzz2x1kn940m7lhnv0b_h0000gn/T/agda2-mode39869-4
DisplayInfo Error /Users/omega/github/agda-mode/test/ManualTests/Issue95.agda:8,5-9
String != List Char
when checking that the expression "\\" has type List Char
JumpToError /Users/omega/github/agda-mode/test/ManualTests/Issue95.agda 144
HighlightingInfoIndirect /var/folders/r2/lx4mzz2x1kn940m7lhnv0b_h0000gn/T/agda2-mode39869-5
NoStatus
